------------------------------------------------------------
TimeQuest Timing Analyzer Summary
------------------------------------------------------------

Type  : Slow 1100mV 85C Model Setup 'CLOCK_50'
Slack : -8.022
TNS   : -6867.114

Type  : Slow 1100mV 85C Model Setup 'divided_clocks[19]'
Slack : -3.186
TNS   : -137.530

Type  : Slow 1100mV 85C Model Hold 'CLOCK_50'
Slack : 0.266
TNS   : 0.000

Type  : Slow 1100mV 85C Model Hold 'divided_clocks[19]'
Slack : 0.614
TNS   : 0.000

Type  : Slow 1100mV 85C Model Minimum Pulse Width 'CLOCK_50'
Slack : -2.636
TNS   : -6232.851

Type  : Slow 1100mV 85C Model Minimum Pulse Width 'divided_clocks[19]'
Slack : -0.394
TNS   : -29.081

Type  : Slow 1100mV 0C Model Setup 'CLOCK_50'
Slack : -7.973
TNS   : -6621.679

Type  : Slow 1100mV 0C Model Setup 'divided_clocks[19]'
Slack : -3.255
TNS   : -137.762

Type  : Slow 1100mV 0C Model Hold 'CLOCK_50'
Slack : 0.136
TNS   : 0.000

Type  : Slow 1100mV 0C Model Hold 'divided_clocks[19]'
Slack : 0.602
TNS   : 0.000

Type  : Slow 1100mV 0C Model Minimum Pulse Width 'CLOCK_50'
Slack : -2.636
TNS   : -6206.636

Type  : Slow 1100mV 0C Model Minimum Pulse Width 'divided_clocks[19]'
Slack : -0.394
TNS   : -28.335

Type  : Fast 1100mV 85C Model Setup 'CLOCK_50'
Slack : -4.294
TNS   : -3619.001

Type  : Fast 1100mV 85C Model Setup 'divided_clocks[19]'
Slack : -1.565
TNS   : -65.306

Type  : Fast 1100mV 85C Model Hold 'CLOCK_50'
Slack : 0.030
TNS   : 0.000

Type  : Fast 1100mV 85C Model Hold 'divided_clocks[19]'
Slack : 0.258
TNS   : 0.000

Type  : Fast 1100mV 85C Model Minimum Pulse Width 'CLOCK_50'
Slack : -2.636
TNS   : -6229.482

Type  : Fast 1100mV 85C Model Minimum Pulse Width 'divided_clocks[19]'
Slack : -0.065
TNS   : -0.592

Type  : Fast 1100mV 0C Model Setup 'CLOCK_50'
Slack : -3.846
TNS   : -3064.214

Type  : Fast 1100mV 0C Model Setup 'divided_clocks[19]'
Slack : -1.395
TNS   : -58.197

Type  : Fast 1100mV 0C Model Hold 'CLOCK_50'
Slack : -0.110
TNS   : -0.250

Type  : Fast 1100mV 0C Model Hold 'divided_clocks[19]'
Slack : 0.255
TNS   : 0.000

Type  : Fast 1100mV 0C Model Minimum Pulse Width 'CLOCK_50'
Slack : -2.636
TNS   : -6345.664

Type  : Fast 1100mV 0C Model Minimum Pulse Width 'divided_clocks[19]'
Slack : -0.012
TNS   : -0.075

------------------------------------------------------------
